map[string]resource.PropertyMap{
	"module.s3_bucket.aws_s3_bucket.this[0]": {
		resource.PropertyKey("acceleration_status"): resource.PropertyValue{V: resource.Computed{
			Element: resource.PropertyValue{V: ""},
		}},
		resource.PropertyKey("acl"):                                  resource.PropertyValue{V: resource.Computed{Element: resource.PropertyValue{V: ""}}},
		resource.PropertyKey("arn"):                                  resource.PropertyValue{V: resource.Computed{Element: resource.PropertyValue{V: ""}}},
		resource.PropertyKey("bucket"):                               resource.PropertyValue{V: resource.Computed{Element: resource.PropertyValue{V: ""}}},
		resource.PropertyKey("bucket_domain_name"):                   resource.PropertyValue{V: resource.Computed{Element: resource.PropertyValue{V: ""}}},
		resource.PropertyKey("bucket_prefix"):                        resource.PropertyValue{V: resource.Computed{Element: resource.PropertyValue{V: ""}}},
		resource.PropertyKey("bucket_regional_domain_name"):          resource.PropertyValue{V: resource.Computed{Element: resource.PropertyValue{V: ""}}},
		resource.PropertyKey("cors_rule"):                            resource.PropertyValue{V: resource.Computed{Element: resource.PropertyValue{V: ""}}},
		resource.PropertyKey("force_destroy"):                        resource.PropertyValue{V: true},
		resource.PropertyKey("grant"):                                resource.PropertyValue{V: resource.Computed{Element: resource.PropertyValue{V: ""}}},
		resource.PropertyKey("hosted_zone_id"):                       resource.PropertyValue{V: resource.Computed{Element: resource.PropertyValue{V: ""}}},
		resource.PropertyKey("id"):                                   resource.PropertyValue{V: resource.Computed{Element: resource.PropertyValue{V: ""}}},
		resource.PropertyKey("lifecycle_rule"):                       resource.PropertyValue{V: resource.Computed{Element: resource.PropertyValue{V: ""}}},
		resource.PropertyKey("logging"):                              resource.PropertyValue{V: resource.Computed{Element: resource.PropertyValue{V: ""}}},
		resource.PropertyKey("object_lock_configuration"):            resource.PropertyValue{V: resource.Computed{Element: resource.PropertyValue{V: ""}}},
		resource.PropertyKey("object_lock_enabled"):                  resource.PropertyValue{V: false},
		resource.PropertyKey("policy"):                               resource.PropertyValue{V: resource.Computed{Element: resource.PropertyValue{V: ""}}},
		resource.PropertyKey("region"):                               resource.PropertyValue{V: resource.Computed{Element: resource.PropertyValue{V: ""}}},
		resource.PropertyKey("replication_configuration"):            resource.PropertyValue{V: resource.Computed{Element: resource.PropertyValue{V: ""}}},
		resource.PropertyKey("request_payer"):                        resource.PropertyValue{V: resource.Computed{Element: resource.PropertyValue{V: ""}}},
		resource.PropertyKey("server_side_encryption_configuration"): resource.PropertyValue{V: resource.Computed{Element: resource.PropertyValue{V: ""}}},
		resource.PropertyKey("tags"):                                 resource.PropertyValue{},
		resource.PropertyKey("tags_all"):                             resource.PropertyValue{V: resource.Computed{Element: resource.PropertyValue{V: ""}}},
		resource.PropertyKey("timeouts"):                             resource.PropertyValue{},
		resource.PropertyKey("versioning"):                           resource.PropertyValue{V: resource.Computed{Element: resource.PropertyValue{V: ""}}},
		resource.PropertyKey("website"):                              resource.PropertyValue{V: resource.Computed{Element: resource.PropertyValue{V: ""}}},
		resource.PropertyKey("website_domain"):                       resource.PropertyValue{V: resource.Computed{Element: resource.PropertyValue{V: ""}}},
		resource.PropertyKey("website_endpoint"):                     resource.PropertyValue{V: resource.Computed{Element: resource.PropertyValue{V: ""}}},
	},
	"module.s3_bucket.aws_s3_bucket_acl.this[0]": {
		resource.PropertyKey("access_control_policy"): resource.PropertyValue{V: resource.Computed{Element: resource.PropertyValue{V: ""}}},
		resource.PropertyKey("acl"):                   resource.PropertyValue{V: "private"},
		resource.PropertyKey("bucket"):                resource.PropertyValue{V: resource.Computed{Element: resource.PropertyValue{V: ""}}},
		resource.PropertyKey("expected_bucket_owner"): resource.PropertyValue{},
		resource.PropertyKey("id"):                    resource.PropertyValue{V: resource.Computed{Element: resource.PropertyValue{V: ""}}},
	},
	"module.s3_bucket.aws_s3_bucket_ownership_controls.this[0]": {
		resource.PropertyKey("bucket"): resource.PropertyValue{V: resource.Computed{Element: resource.PropertyValue{V: ""}}},
		resource.PropertyKey("id"):     resource.PropertyValue{V: resource.Computed{Element: resource.PropertyValue{V: ""}}},
		resource.PropertyKey("rule"): resource.PropertyValue{V: []resource.PropertyValue{{V: resource.PropertyMap{
			resource.PropertyKey("object_ownership"): resource.PropertyValue{V: "ObjectWriter"},
		}}}},
	},
	"module.s3_bucket.aws_s3_bucket_public_access_block.this[0]": {
		resource.PropertyKey("block_public_acls"):       resource.PropertyValue{V: true},
		resource.PropertyKey("block_public_policy"):     resource.PropertyValue{V: true},
		resource.PropertyKey("bucket"):                  resource.PropertyValue{V: resource.Computed{Element: resource.PropertyValue{V: ""}}},
		resource.PropertyKey("id"):                      resource.PropertyValue{V: resource.Computed{Element: resource.PropertyValue{V: ""}}},
		resource.PropertyKey("ignore_public_acls"):      resource.PropertyValue{V: true},
		resource.PropertyKey("restrict_public_buckets"): resource.PropertyValue{V: true},
	},
	"module.s3_bucket.aws_s3_bucket_versioning.this[0]": {
		resource.PropertyKey("bucket"):                resource.PropertyValue{V: resource.Computed{Element: resource.PropertyValue{V: ""}}},
		resource.PropertyKey("expected_bucket_owner"): resource.PropertyValue{},
		resource.PropertyKey("id"):                    resource.PropertyValue{V: resource.Computed{Element: resource.PropertyValue{V: ""}}},
		resource.PropertyKey("mfa"):                   resource.PropertyValue{},
		resource.PropertyKey("versioning_configuration"): resource.PropertyValue{V: []resource.PropertyValue{{V: resource.PropertyMap{
			resource.PropertyKey("mfa_delete"): resource.PropertyValue{V: resource.Computed{
				Element: resource.PropertyValue{V: ""},
			}},
			resource.PropertyKey("status"): resource.PropertyValue{V: &resource.Secret{Element: resource.PropertyValue{V: "Enabled"}}},
		}}}},
	},
}
