resource.PropertyMap{
	resource.PropertyKey("bucket"): resource.PropertyValue{
		V: "terraform-20250131154056635300000001",
	},
	resource.PropertyKey("expected_bucket_owner"): resource.PropertyValue{V: ""},
	resource.PropertyKey("id"):                    resource.PropertyValue{V: "terraform-20250205181746271500000001"},
	resource.PropertyKey("rule"): resource.PropertyValue{V: resource.Computed{Element: resource.PropertyValue{
		V: "",
	}}},
}
